Copyright 1986-2022 Xilinx, Inc. All Rights Reserved. Copyright 2022-2024 Advanced Micro Devices, Inc. All Rights Reserved.
-----------------------------------------------------------------------------------------------------------------------------------------------------------------------------------------------
| Tool Version : Vivado v.2024.1 (win64) Build 5076996 Wed May 22 18:37:14 MDT 2024
| Date         : Wed Sep 11 15:17:15 2024
| Host         : DESKTOP-MEH5DGT running 64-bit major release  (build 9200)
| Command      : report_methodology -file SpaceWire_light_AXI_methodology_drc_routed.rpt -pb SpaceWire_light_AXI_methodology_drc_routed.pb -rpx SpaceWire_light_AXI_methodology_drc_routed.rpx
| Design       : SpaceWire_light_AXI
| Device       : xc7z020clg484-1
| Speed File   : -1
| Design State : Fully Routed
-----------------------------------------------------------------------------------------------------------------------------------------------------------------------------------------------

Report Methodology

Table of Contents
-----------------
1. REPORT SUMMARY
2. REPORT DETAILS

1. REPORT SUMMARY
-----------------
            Netlist: netlist
          Floorplan: checkpoint_SpaceWire_light_AXI
      Design limits: <entire design considered>
             Max violations: <unlimited>
             Violations found: 86
+-----------+------------------+------------------------------------------------+------------+
| Rule      | Severity         | Description                                    | Violations |
+-----------+------------------+------------------------------------------------+------------+
| TIMING-6  | Critical Warning | No common primary clock between related clocks | 10         |
| TIMING-7  | Critical Warning | No common node between related clocks          | 10         |
| TIMING-14 | Critical Warning | LUT on the clock tree                          | 1          |
| LUTAR-1   | Warning          | LUT drives async reset alert                   | 1          |
| TIMING-16 | Warning          | Large setup violation                          | 28         |
| TIMING-18 | Warning          | Missing input or output delay                  | 36         |
+-----------+------------------+------------------------------------------------+------------+

2. REPORT DETAILS
-----------------
TIMING-6#1 Critical Warning
No common primary clock between related clocks  
The clocks SPW_Din and SPW_Sin are related (timed together) but they have no common primary clock. The design could fail in hardware. To find a timing path between these clocks, run the following command: report_timing -from [get_clocks SPW_Din] -to [get_clocks SPW_Sin]
Related violations: <none>

TIMING-6#2 Critical Warning
No common primary clock between related clocks  
The clocks SPW_Din and SPW_main_clk are related (timed together) but they have no common primary clock. The design could fail in hardware. To find a timing path between these clocks, run the following command: report_timing -from [get_clocks SPW_Din] -to [get_clocks SPW_main_clk]
Related violations: <none>

TIMING-6#3 Critical Warning
No common primary clock between related clocks  
The clocks SPW_Sin and SPW_Din are related (timed together) but they have no common primary clock. The design could fail in hardware. To find a timing path between these clocks, run the following command: report_timing -from [get_clocks SPW_Sin] -to [get_clocks SPW_Din]
Related violations: <none>

TIMING-6#4 Critical Warning
No common primary clock between related clocks  
The clocks SPW_Sin and SPW_main_clk are related (timed together) but they have no common primary clock. The design could fail in hardware. To find a timing path between these clocks, run the following command: report_timing -from [get_clocks SPW_Sin] -to [get_clocks SPW_main_clk]
Related violations: <none>

TIMING-6#5 Critical Warning
No common primary clock between related clocks  
The clocks SPW_TX_clk and SPW_main_clk are related (timed together) but they have no common primary clock. The design could fail in hardware. To find a timing path between these clocks, run the following command: report_timing -from [get_clocks SPW_TX_clk] -to [get_clocks SPW_main_clk]
Related violations: <none>

TIMING-6#6 Critical Warning
No common primary clock between related clocks  
The clocks SPW_main_clk and SPW_Din are related (timed together) but they have no common primary clock. The design could fail in hardware. To find a timing path between these clocks, run the following command: report_timing -from [get_clocks SPW_main_clk] -to [get_clocks SPW_Din]
Related violations: <none>

TIMING-6#7 Critical Warning
No common primary clock between related clocks  
The clocks SPW_main_clk and SPW_Sin are related (timed together) but they have no common primary clock. The design could fail in hardware. To find a timing path between these clocks, run the following command: report_timing -from [get_clocks SPW_main_clk] -to [get_clocks SPW_Sin]
Related violations: <none>

TIMING-6#8 Critical Warning
No common primary clock between related clocks  
The clocks SPW_main_clk and SPW_TX_clk are related (timed together) but they have no common primary clock. The design could fail in hardware. To find a timing path between these clocks, run the following command: report_timing -from [get_clocks SPW_main_clk] -to [get_clocks SPW_TX_clk]
Related violations: <none>

TIMING-6#9 Critical Warning
No common primary clock between related clocks  
The clocks SPW_main_clk and axi_streamin_aclk are related (timed together) but they have no common primary clock. The design could fail in hardware. To find a timing path between these clocks, run the following command: report_timing -from [get_clocks SPW_main_clk] -to [get_clocks axi_streamin_aclk]
Related violations: <none>

TIMING-6#10 Critical Warning
No common primary clock between related clocks  
The clocks axi_streamin_aclk and SPW_main_clk are related (timed together) but they have no common primary clock. The design could fail in hardware. To find a timing path between these clocks, run the following command: report_timing -from [get_clocks axi_streamin_aclk] -to [get_clocks SPW_main_clk]
Related violations: <none>

TIMING-7#1 Critical Warning
No common node between related clocks  
The clocks SPW_Din and SPW_Sin are related (timed together) but they have no common node. The design could fail in hardware. To find a timing path between these clocks, run the following command: report_timing -from [get_clocks SPW_Din] -to [get_clocks SPW_Sin]
Related violations: <none>

TIMING-7#2 Critical Warning
No common node between related clocks  
The clocks SPW_Din and SPW_main_clk are related (timed together) but they have no common node. The design could fail in hardware. To find a timing path between these clocks, run the following command: report_timing -from [get_clocks SPW_Din] -to [get_clocks SPW_main_clk]
Related violations: <none>

TIMING-7#3 Critical Warning
No common node between related clocks  
The clocks SPW_Sin and SPW_Din are related (timed together) but they have no common node. The design could fail in hardware. To find a timing path between these clocks, run the following command: report_timing -from [get_clocks SPW_Sin] -to [get_clocks SPW_Din]
Related violations: <none>

TIMING-7#4 Critical Warning
No common node between related clocks  
The clocks SPW_Sin and SPW_main_clk are related (timed together) but they have no common node. The design could fail in hardware. To find a timing path between these clocks, run the following command: report_timing -from [get_clocks SPW_Sin] -to [get_clocks SPW_main_clk]
Related violations: <none>

TIMING-7#5 Critical Warning
No common node between related clocks  
The clocks SPW_TX_clk and SPW_main_clk are related (timed together) but they have no common node. The design could fail in hardware. To find a timing path between these clocks, run the following command: report_timing -from [get_clocks SPW_TX_clk] -to [get_clocks SPW_main_clk]
Related violations: <none>

TIMING-7#6 Critical Warning
No common node between related clocks  
The clocks SPW_main_clk and SPW_Din are related (timed together) but they have no common node. The design could fail in hardware. To find a timing path between these clocks, run the following command: report_timing -from [get_clocks SPW_main_clk] -to [get_clocks SPW_Din]
Related violations: <none>

TIMING-7#7 Critical Warning
No common node between related clocks  
The clocks SPW_main_clk and SPW_Sin are related (timed together) but they have no common node. The design could fail in hardware. To find a timing path between these clocks, run the following command: report_timing -from [get_clocks SPW_main_clk] -to [get_clocks SPW_Sin]
Related violations: <none>

TIMING-7#8 Critical Warning
No common node between related clocks  
The clocks SPW_main_clk and SPW_TX_clk are related (timed together) but they have no common node. The design could fail in hardware. To find a timing path between these clocks, run the following command: report_timing -from [get_clocks SPW_main_clk] -to [get_clocks SPW_TX_clk]
Related violations: <none>

TIMING-7#9 Critical Warning
No common node between related clocks  
The clocks SPW_main_clk and axi_streamin_aclk are related (timed together) but they have no common node. The design could fail in hardware. To find a timing path between these clocks, run the following command: report_timing -from [get_clocks SPW_main_clk] -to [get_clocks axi_streamin_aclk]
Related violations: <none>

TIMING-7#10 Critical Warning
No common node between related clocks  
The clocks axi_streamin_aclk and SPW_main_clk are related (timed together) but they have no common node. The design could fail in hardware. To find a timing path between these clocks, run the following command: report_timing -from [get_clocks axi_streamin_aclk] -to [get_clocks SPW_main_clk]
Related violations: <none>

TIMING-14#1 Critical Warning
LUT on the clock tree  
The LUT reset_reg[0]_i_3 has been found on the clock tree. Run opt_design to optimize the clock trees, then re-run report_methodology. If LUT(s) are still present in the clock trees, modify the RTL or the synthesis options accordingly to move the clock gating logic to dedicated clock enable resources. Keep in mind that post-opt_design database cannot be used for pin-planning tasks
Related violations: <none>

LUTAR-1#1 Warning
LUT drives async reset alert  
LUT cell SPW_IF/SYSRSTLOGIC/res_seq[bitshift][8]_i_1, with 2 or more inputs, drives asynchronous preset/clear pin(s) SPW_IF/RECV_INST/res_seq_reg[disccnt][4]/CLR,
SPW_IF/RECV_INST/res_seq_reg[disccnt][5]/CLR,
SPW_IF/RECV_INST/res_seq_reg[disccnt][6]/CLR,
SPW_IF/RECV_INST/res_seq_reg[disccnt][7]/CLR,
SPW_IF/RECV_INST/res_seq_reg[erresc]/CLR,
SPW_IF/RECV_INST/res_seq_reg[errpar]/CLR,
SPW_IF/RECV_INST/res_seq_reg[escaped]/CLR,
SPW_IF/RECV_INST/res_seq_reg[gotfct]/CLR,
SPW_IF/RECV_INST/res_seq_reg[null_seen]/CLR,
SPW_IF/RECV_INST/res_seq_reg[parity]/CLR,
SPW_IF/RECV_INST/res_seq_reg[pendfct][0]/CLR,
SPW_IF/RECV_INST/res_seq_reg[pendfct][1]/CLR,
SPW_IF/RECV_INST/res_seq_reg[rxchar]/CLR,
SPW_IF/RECV_INST/res_seq_reg[rxflag]/CLR,
SPW_IF/RECV_INST/res_seq_reg[tick_out]/CLR (the first 15 of 40 listed). The LUT may glitch and trigger an unexpected reset, even if it is a properly timed path.
Related violations: <none>

TIMING-16#1 Warning
Large setup violation  
There is a large setup violation of -1.018 ns between SPW_IF/RECVFRONT_INST/resrx_seq_reg[bufdata][1]/C (clocked by SPW_Din) and SPW_IF/RECVFRONT_INST/FIFOMEM/s_mem_reg[5][1]/D (clocked by SPW_Sin). Large setup violations at the end of those stages might be difficult to fix during the post-placement implementation flow and could be the result of non-optimal XDC constraints or non-optimal design architecture
Related violations: <none>

TIMING-16#2 Warning
Large setup violation  
There is a large setup violation of -1.037 ns between SPW_IF/RECVFRONT_INST/rxcnt_r_reg[1]/C (clocked by SPW_Din) and SPW_IF/RECVFRONT_INST/rxcnt_r_reg[3]/D (clocked by SPW_Sin). Large setup violations at the end of those stages might be difficult to fix during the post-placement implementation flow and could be the result of non-optimal XDC constraints or non-optimal design architecture
Related violations: <none>

TIMING-16#3 Warning
Large setup violation  
There is a large setup violation of -1.044 ns between SPW_IF/RECVFRONT_INST/rxcnt_f_reg[1]/C (clocked by SPW_Din) and SPW_IF/RECVFRONT_INST/rxcnt_f_reg[1]/D (clocked by SPW_Sin). Large setup violations at the end of those stages might be difficult to fix during the post-placement implementation flow and could be the result of non-optimal XDC constraints or non-optimal design architecture
Related violations: <none>

TIMING-16#4 Warning
Large setup violation  
There is a large setup violation of -1.050 ns between SPW_IF/RECVFRONT_INST/resrx_seq_reg[headptr][1]/C (clocked by SPW_Din) and SPW_IF/RECVFRONT_INST/FIFOMEM/s_mem_reg[0][0]/D (clocked by SPW_Sin). Large setup violations at the end of those stages might be difficult to fix during the post-placement implementation flow and could be the result of non-optimal XDC constraints or non-optimal design architecture
Related violations: <none>

TIMING-16#5 Warning
Large setup violation  
There is a large setup violation of -1.052 ns between SPW_IF/RECVFRONT_INST/rxcnt_r_reg[1]/C (clocked by SPW_Din) and SPW_IF/RECVFRONT_INST/rxcnt_r_reg[2]/D (clocked by SPW_Sin). Large setup violations at the end of those stages might be difficult to fix during the post-placement implementation flow and could be the result of non-optimal XDC constraints or non-optimal design architecture
Related violations: <none>

TIMING-16#6 Warning
Large setup violation  
There is a large setup violation of -1.059 ns between SPW_IF/RECVFRONT_INST/resrx_seq_reg[bufwrite]/C (clocked by SPW_Din) and SPW_IF/RECVFRONT_INST/FIFOMEM/s_mem_reg[3][0]/D (clocked by SPW_Sin). Large setup violations at the end of those stages might be difficult to fix during the post-placement implementation flow and could be the result of non-optimal XDC constraints or non-optimal design architecture
Related violations: <none>

TIMING-16#7 Warning
Large setup violation  
There is a large setup violation of -1.062 ns between SPW_IF/RECVFRONT_INST/resrx_seq_reg[bufwrite]/C (clocked by SPW_Din) and SPW_IF/RECVFRONT_INST/FIFOMEM/s_mem_reg[5][0]/D (clocked by SPW_Sin). Large setup violations at the end of those stages might be difficult to fix during the post-placement implementation flow and could be the result of non-optimal XDC constraints or non-optimal design architecture
Related violations: <none>

TIMING-16#8 Warning
Large setup violation  
There is a large setup violation of -1.069 ns between SPW_IF/RECVFRONT_INST/resrx_seq_reg[headptr][2]/C (clocked by SPW_Din) and SPW_IF/RECVFRONT_INST/FIFOMEM/s_mem_reg[6][0]/D (clocked by SPW_Sin). Large setup violations at the end of those stages might be difficult to fix during the post-placement implementation flow and could be the result of non-optimal XDC constraints or non-optimal design architecture
Related violations: <none>

TIMING-16#9 Warning
Large setup violation  
There is a large setup violation of -1.082 ns between SPW_IF/RECVFRONT_INST/resrx_seq_reg[headptr][2]/C (clocked by SPW_Din) and SPW_IF/RECVFRONT_INST/FIFOMEM/s_mem_reg[4][1]/D (clocked by SPW_Sin). Large setup violations at the end of those stages might be difficult to fix during the post-placement implementation flow and could be the result of non-optimal XDC constraints or non-optimal design architecture
Related violations: <none>

TIMING-16#10 Warning
Large setup violation  
There is a large setup violation of -1.083 ns between SPW_IF/RECVFRONT_INST/resrx_seq_reg[headptr][2]/C (clocked by SPW_Din) and SPW_IF/RECVFRONT_INST/FIFOMEM/s_mem_reg[4][0]/D (clocked by SPW_Sin). Large setup violations at the end of those stages might be difficult to fix during the post-placement implementation flow and could be the result of non-optimal XDC constraints or non-optimal design architecture
Related violations: <none>

TIMING-16#11 Warning
Large setup violation  
There is a large setup violation of -1.104 ns between SPW_IF/RECVFRONT_INST/ff_r_di2f_reg/C (clocked by SPW_Din) and SPW_IF/RECVFRONT_INST/resrx_seq_reg[bufdata][1]/D (clocked by SPW_Sin). Large setup violations at the end of those stages might be difficult to fix during the post-placement implementation flow and could be the result of non-optimal XDC constraints or non-optimal design architecture
Related violations: <none>

TIMING-16#12 Warning
Large setup violation  
There is a large setup violation of -1.108 ns between SPW_IF/RECVFRONT_INST/resrx_seq_reg[headptr][0]_replica/C (clocked by SPW_Din) and SPW_IF/RECVFRONT_INST/FIFOMEM/s_mem_reg[3][1]/D (clocked by SPW_Sin). Large setup violations at the end of those stages might be difficult to fix during the post-placement implementation flow and could be the result of non-optimal XDC constraints or non-optimal design architecture
Related violations: <none>

TIMING-16#13 Warning
Large setup violation  
There is a large setup violation of -1.139 ns between SPW_IF/RECVFRONT_INST/resrx_seq_reg[headptr][0]_replica/C (clocked by SPW_Din) and SPW_IF/RECVFRONT_INST/FIFOMEM/s_mem_reg[7][1]/D (clocked by SPW_Sin). Large setup violations at the end of those stages might be difficult to fix during the post-placement implementation flow and could be the result of non-optimal XDC constraints or non-optimal design architecture
Related violations: <none>

TIMING-16#14 Warning
Large setup violation  
There is a large setup violation of -1.188 ns between SPW_IF/RECVFRONT_INST/resrx_seq_reg[headptr][1]/C (clocked by SPW_Din) and SPW_IF/RECVFRONT_INST/resrx_seq_reg[headptr_gray][0]/D (clocked by SPW_Sin). Large setup violations at the end of those stages might be difficult to fix during the post-placement implementation flow and could be the result of non-optimal XDC constraints or non-optimal design architecture
Related violations: <none>

TIMING-16#15 Warning
Large setup violation  
There is a large setup violation of -1.190 ns between SPW_IF/RECVFRONT_INST/resrx_seq_reg[bufwrite]/C (clocked by SPW_Din) and SPW_IF/RECVFRONT_INST/resrx_seq_reg[headptr][0]/D (clocked by SPW_Sin). Large setup violations at the end of those stages might be difficult to fix during the post-placement implementation flow and could be the result of non-optimal XDC constraints or non-optimal design architecture
Related violations: <none>

TIMING-16#16 Warning
Large setup violation  
There is a large setup violation of -1.247 ns between SPW_IF/RECVFRONT_INST/resrx_seq_reg[headptr][0]/C (clocked by SPW_Din) and SPW_IF/RECVFRONT_INST/resrx_seq_reg[headptr][0]_replica/D (clocked by SPW_Sin). Large setup violations at the end of those stages might be difficult to fix during the post-placement implementation flow and could be the result of non-optimal XDC constraints or non-optimal design architecture
Related violations: <none>

TIMING-16#17 Warning
Large setup violation  
There is a large setup violation of -1.349 ns between SPW_IF/RECVFRONT_INST/resrx_seq_reg[headptr][1]/C (clocked by SPW_Din) and SPW_IF/RECVFRONT_INST/FIFOMEM/s_mem_reg[2][0]/D (clocked by SPW_Sin). Large setup violations at the end of those stages might be difficult to fix during the post-placement implementation flow and could be the result of non-optimal XDC constraints or non-optimal design architecture
Related violations: <none>

TIMING-16#18 Warning
Large setup violation  
There is a large setup violation of -1.356 ns between SPW_Din (clocked by SPW_Din) and SPW_IF/RECVFRONT_INST/ff_r_di1_reg/D (clocked by SPW_Sin). Large setup violations at the end of those stages might be difficult to fix during the post-placement implementation flow and could be the result of non-optimal XDC constraints or non-optimal design architecture
Related violations: <none>

TIMING-16#19 Warning
Large setup violation  
There is a large setup violation of -1.429 ns between SPW_IF/RECVFRONT_INST/resrx_seq_reg[headptr][2]/C (clocked by SPW_Din) and SPW_IF/RECVFRONT_INST/FIFOMEM/s_mem_reg[6][1]_replica/D (clocked by SPW_Sin). Large setup violations at the end of those stages might be difficult to fix during the post-placement implementation flow and could be the result of non-optimal XDC constraints or non-optimal design architecture
Related violations: <none>

TIMING-16#20 Warning
Large setup violation  
There is a large setup violation of -1.435 ns between SPW_IF/RECVFRONT_INST/resrx_seq_reg[headptr][0]/C (clocked by SPW_Din) and SPW_IF/RECVFRONT_INST/FIFOMEM/s_mem_reg[2][1]/D (clocked by SPW_Sin). Large setup violations at the end of those stages might be difficult to fix during the post-placement implementation flow and could be the result of non-optimal XDC constraints or non-optimal design architecture
Related violations: <none>

TIMING-16#21 Warning
Large setup violation  
There is a large setup violation of -1.526 ns between SPW_IF/RECVFRONT_INST/resrx_seq_reg[headptr][2]/C (clocked by SPW_Din) and SPW_IF/RECVFRONT_INST/FIFOMEM/s_mem_reg[4][0]_replica/D (clocked by SPW_Sin). Large setup violations at the end of those stages might be difficult to fix during the post-placement implementation flow and could be the result of non-optimal XDC constraints or non-optimal design architecture
Related violations: <none>

TIMING-16#22 Warning
Large setup violation  
There is a large setup violation of -1.572 ns between SPW_IF/RECVFRONT_INST/resrx_seq_reg[headptr][0]_replica/C (clocked by SPW_Din) and SPW_IF/RECVFRONT_INST/FIFOMEM/s_mem_reg[7][1]_replica/D (clocked by SPW_Sin). Large setup violations at the end of those stages might be difficult to fix during the post-placement implementation flow and could be the result of non-optimal XDC constraints or non-optimal design architecture
Related violations: <none>

TIMING-16#23 Warning
Large setup violation  
There is a large setup violation of -1.591 ns between SPW_IF/RECVFRONT_INST/resrx_seq_reg[headptr][1]/C (clocked by SPW_Din) and SPW_IF/RECVFRONT_INST/FIFOMEM/s_mem_reg[1][1]/D (clocked by SPW_Sin). Large setup violations at the end of those stages might be difficult to fix during the post-placement implementation flow and could be the result of non-optimal XDC constraints or non-optimal design architecture
Related violations: <none>

TIMING-16#24 Warning
Large setup violation  
There is a large setup violation of -1.719 ns between SPW_IF/RECVFRONT_INST/resrx_seq_reg[headptr][0]_replica/C (clocked by SPW_Din) and SPW_IF/RECVFRONT_INST/FIFOMEM/s_mem_reg[3][1]_replica/D (clocked by SPW_Sin). Large setup violations at the end of those stages might be difficult to fix during the post-placement implementation flow and could be the result of non-optimal XDC constraints or non-optimal design architecture
Related violations: <none>

TIMING-16#25 Warning
Large setup violation  
There is a large setup violation of -1.783 ns between SPW_IF/RECVFRONT_INST/resrx_seq_reg[headptr][2]/C (clocked by SPW_Din) and SPW_IF/RECVFRONT_INST/FIFOMEM/s_mem_reg[0][1]/D (clocked by SPW_Sin). Large setup violations at the end of those stages might be difficult to fix during the post-placement implementation flow and could be the result of non-optimal XDC constraints or non-optimal design architecture
Related violations: <none>

TIMING-16#26 Warning
Large setup violation  
There is a large setup violation of -1.795 ns between SPW_IF/RECVFRONT_INST/resrx_seq_reg[headptr][0]_replica/C (clocked by SPW_Din) and SPW_IF/RECVFRONT_INST/FIFOMEM/s_mem_reg[1][0]/D (clocked by SPW_Sin). Large setup violations at the end of those stages might be difficult to fix during the post-placement implementation flow and could be the result of non-optimal XDC constraints or non-optimal design architecture
Related violations: <none>

TIMING-16#27 Warning
Large setup violation  
There is a large setup violation of -2.054 ns between SPW_IF/RECVFRONT_INST/resrx_seq_reg[headptr][0]_replica/C (clocked by SPW_Din) and SPW_IF/RECVFRONT_INST/resrx_seq_reg[headptr][1]/D (clocked by SPW_Sin). Large setup violations at the end of those stages might be difficult to fix during the post-placement implementation flow and could be the result of non-optimal XDC constraints or non-optimal design architecture
Related violations: <none>

TIMING-16#28 Warning
Large setup violation  
There is a large setup violation of -2.092 ns between SPW_IF/RECVFRONT_INST/resrx_seq_reg[headptr][1]/C (clocked by SPW_Din) and SPW_IF/RECVFRONT_INST/resrx_seq_reg[headptr][2]/D (clocked by SPW_Sin). Large setup violations at the end of those stages might be difficult to fix during the post-placement implementation flow and could be the result of non-optimal XDC constraints or non-optimal design architecture
Related violations: <none>

TIMING-18#1 Warning
Missing input or output delay  
An input delay is missing on SPW_rst relative to the rising and/or falling clock edge(s) of SPW_TX_clk, SPW_main_clk.
Related violations: <none>

TIMING-18#2 Warning
Missing input or output delay  
An input delay is missing on axi_register_aresetn relative to the rising and/or falling clock edge(s) of axi_register_aclk.
Related violations: <none>

TIMING-18#3 Warning
Missing input or output delay  
An input delay is missing on axi_register_arvalid relative to the rising and/or falling clock edge(s) of axi_register_aclk.
Related violations: <none>

TIMING-18#4 Warning
Missing input or output delay  
An input delay is missing on axi_register_awvalid relative to the rising and/or falling clock edge(s) of axi_register_aclk.
Related violations: <none>

TIMING-18#5 Warning
Missing input or output delay  
An input delay is missing on axi_register_bready relative to the rising and/or falling clock edge(s) of axi_register_aclk.
Related violations: <none>

TIMING-18#6 Warning
Missing input or output delay  
An input delay is missing on axi_register_rready relative to the rising and/or falling clock edge(s) of axi_register_aclk.
Related violations: <none>

TIMING-18#7 Warning
Missing input or output delay  
An input delay is missing on axi_register_wvalid relative to the rising and/or falling clock edge(s) of axi_register_aclk.
Related violations: <none>

TIMING-18#8 Warning
Missing input or output delay  
An input delay is missing on axi_streamin_aresetn relative to the rising and/or falling clock edge(s) of axi_streamin_aclk.
Related violations: <none>

TIMING-18#9 Warning
Missing input or output delay  
An input delay is missing on axi_streamin_tdata[0] relative to the rising and/or falling clock edge(s) of axi_streamin_aclk.
Related violations: <none>

TIMING-18#10 Warning
Missing input or output delay  
An input delay is missing on axi_streamin_tdata[1] relative to the rising and/or falling clock edge(s) of axi_streamin_aclk.
Related violations: <none>

TIMING-18#11 Warning
Missing input or output delay  
An input delay is missing on axi_streamin_tdata[2] relative to the rising and/or falling clock edge(s) of axi_streamin_aclk.
Related violations: <none>

TIMING-18#12 Warning
Missing input or output delay  
An input delay is missing on axi_streamin_tdata[3] relative to the rising and/or falling clock edge(s) of axi_streamin_aclk.
Related violations: <none>

TIMING-18#13 Warning
Missing input or output delay  
An input delay is missing on axi_streamin_tdata[4] relative to the rising and/or falling clock edge(s) of axi_streamin_aclk.
Related violations: <none>

TIMING-18#14 Warning
Missing input or output delay  
An input delay is missing on axi_streamin_tdata[5] relative to the rising and/or falling clock edge(s) of axi_streamin_aclk.
Related violations: <none>

TIMING-18#15 Warning
Missing input or output delay  
An input delay is missing on axi_streamin_tdata[6] relative to the rising and/or falling clock edge(s) of axi_streamin_aclk.
Related violations: <none>

TIMING-18#16 Warning
Missing input or output delay  
An input delay is missing on axi_streamin_tdata[7] relative to the rising and/or falling clock edge(s) of axi_streamin_aclk.
Related violations: <none>

TIMING-18#17 Warning
Missing input or output delay  
An input delay is missing on axi_streamin_tvalid relative to the rising and/or falling clock edge(s) of axi_streamin_aclk.
Related violations: <none>

TIMING-18#18 Warning
Missing input or output delay  
An input delay is missing on axi_streamout_aresetn relative to the rising and/or falling clock edge(s) of axi_streamout_aclk.
Related violations: <none>

TIMING-18#19 Warning
Missing input or output delay  
An input delay is missing on axi_streamout_tready relative to the rising and/or falling clock edge(s) of axi_streamout_aclk.
Related violations: <none>

TIMING-18#20 Warning
Missing input or output delay  
An output delay is missing on SPW_Dout relative to the rising and/or falling clock edge(s) of SPW_TX_clk.
Related violations: <none>

TIMING-18#21 Warning
Missing input or output delay  
An output delay is missing on SPW_Sout relative to the rising and/or falling clock edge(s) of SPW_TX_clk.
Related violations: <none>

TIMING-18#22 Warning
Missing input or output delay  
An output delay is missing on axi_register_arready relative to the rising and/or falling clock edge(s) of axi_register_aclk.
Related violations: <none>

TIMING-18#23 Warning
Missing input or output delay  
An output delay is missing on axi_register_awready relative to the rising and/or falling clock edge(s) of axi_register_aclk.
Related violations: <none>

TIMING-18#24 Warning
Missing input or output delay  
An output delay is missing on axi_register_bvalid relative to the rising and/or falling clock edge(s) of axi_register_aclk.
Related violations: <none>

TIMING-18#25 Warning
Missing input or output delay  
An output delay is missing on axi_register_rvalid relative to the rising and/or falling clock edge(s) of axi_register_aclk.
Related violations: <none>

TIMING-18#26 Warning
Missing input or output delay  
An output delay is missing on axi_register_wready relative to the rising and/or falling clock edge(s) of axi_register_aclk.
Related violations: <none>

TIMING-18#27 Warning
Missing input or output delay  
An output delay is missing on axi_streamin_tready relative to the rising and/or falling clock edge(s) of SPW_main_clk, axi_streamin_aclk.
Related violations: <none>

TIMING-18#28 Warning
Missing input or output delay  
An output delay is missing on axi_streamout_tdata[0] relative to the rising and/or falling clock edge(s) of axi_streamout_aclk.
Related violations: <none>

TIMING-18#29 Warning
Missing input or output delay  
An output delay is missing on axi_streamout_tdata[1] relative to the rising and/or falling clock edge(s) of axi_streamout_aclk.
Related violations: <none>

TIMING-18#30 Warning
Missing input or output delay  
An output delay is missing on axi_streamout_tdata[2] relative to the rising and/or falling clock edge(s) of axi_streamout_aclk.
Related violations: <none>

TIMING-18#31 Warning
Missing input or output delay  
An output delay is missing on axi_streamout_tdata[3] relative to the rising and/or falling clock edge(s) of axi_streamout_aclk.
Related violations: <none>

TIMING-18#32 Warning
Missing input or output delay  
An output delay is missing on axi_streamout_tdata[4] relative to the rising and/or falling clock edge(s) of axi_streamout_aclk.
Related violations: <none>

TIMING-18#33 Warning
Missing input or output delay  
An output delay is missing on axi_streamout_tdata[5] relative to the rising and/or falling clock edge(s) of axi_streamout_aclk.
Related violations: <none>

TIMING-18#34 Warning
Missing input or output delay  
An output delay is missing on axi_streamout_tdata[6] relative to the rising and/or falling clock edge(s) of axi_streamout_aclk.
Related violations: <none>

TIMING-18#35 Warning
Missing input or output delay  
An output delay is missing on axi_streamout_tdata[7] relative to the rising and/or falling clock edge(s) of axi_streamout_aclk.
Related violations: <none>

TIMING-18#36 Warning
Missing input or output delay  
An output delay is missing on axi_streamout_tvalid relative to the rising and/or falling clock edge(s) of axi_streamout_aclk.
Related violations: <none>


