#-----------------------------------------------------------
# Vivado v2024.1.2 (64-bit)
# SW Build 5164865 on Thu Sep  5 14:37:11 MDT 2024
# IP Build 5164407 on Fri Sep  6 08:18:11 MDT 2024
# SharedData Build 5164864 on Thu Sep 05 13:09:09 MDT 2024
# Start of session at: Tue Oct  8 19:21:07 2024
# Process ID: 25268
# Current directory: F:/Xilinx/ZynqProjects/SpaceWire_IPs/SpaceWire_light_AXI/edit_SpaceWire_light_AXI_v0_2.runs/SPW_ZynqSetup_processing_system7_0_0_synth_1
# Command line: vivado.exe -log SPW_ZynqSetup_processing_system7_0_0.vds -product Vivado -mode batch -messageDb vivado.pb -notrace -source SPW_ZynqSetup_processing_system7_0_0.tcl
# Log file: F:/Xilinx/ZynqProjects/SpaceWire_IPs/SpaceWire_light_AXI/edit_SpaceWire_light_AXI_v0_2.runs/SPW_ZynqSetup_processing_system7_0_0_synth_1/SPW_ZynqSetup_processing_system7_0_0.vds
# Journal file: F:/Xilinx/ZynqProjects/SpaceWire_IPs/SpaceWire_light_AXI/edit_SpaceWire_light_AXI_v0_2.runs/SPW_ZynqSetup_processing_system7_0_0_synth_1\vivado.jou
# Running On        :DESKTOP-MEH5DGT
# Platform          :Windows Server 2016 or Windows 10
# Operating System  :19045
# Processor Detail  :AMD Ryzen 5 3600 6-Core Processor              
# CPU Frequency     :3593 MHz
# CPU Physical cores:6
# CPU Logical cores :12
# Host memory       :17100 MB
# Swap memory       :5637 MB
# Total Virtual     :22737 MB
# Available Virtual :5179 MB
#-----------------------------------------------------------
source SPW_ZynqSetup_processing_system7_0_0.tcl -notrace
