#-----------------------------------------------------------
# Vivado v2024.1 (64-bit)
# SW Build 5076996 on Wed May 22 18:37:14 MDT 2024
# IP Build 5075265 on Wed May 22 21:45:21 MDT 2024
# SharedData Build 5076995 on Wed May 22 18:29:18 MDT 2024
# Start of session at: Fri Oct  4 12:27:37 2024
# Process ID: 8708
# Current directory: C:/Xilinx/ZynqProjects/UART_Adder/UART_Adder.runs/synth_1
# Command line: vivado.exe -log UART_Adder_wrapper.vds -product Vivado -mode batch -messageDb vivado.pb -notrace -source UART_Adder_wrapper.tcl
# Log file: C:/Xilinx/ZynqProjects/UART_Adder/UART_Adder.runs/synth_1/UART_Adder_wrapper.vds
# Journal file: C:/Xilinx/ZynqProjects/UART_Adder/UART_Adder.runs/synth_1\vivado.jou
# Running On        :DESKTOP-0QJOVG1
# Platform          :Windows Server 2016 or Windows 10
# Operating System  :19045
# Processor Detail  :AMD Ryzen 7 2700U with Radeon Vega Mobile Gfx  
# CPU Frequency     :2196 MHz
# CPU Physical cores:4
# CPU Logical cores :8
# Host memory       :16779 MB
# Swap memory       :2550 MB
# Total Virtual     :19329 MB
# Available Virtual :12031 MB
#-----------------------------------------------------------
source UART_Adder_wrapper.tcl -notrace
